#
# There is insufficient memory for the Java Runtime Environment to continue.
# Native memory allocation (malloc) failed to allocate 1139344 bytes. Error detail: Chunk::new
# Possible reasons:
#   The system is out of physical RAM or swap space
#   This process is running with CompressedOops enabled, and the Java Heap may be blocking the growth of the native heap
# Possible solutions:
#   Reduce memory load on the system
#   Increase physical memory or swap space
#   Check if swap backing store is full
#   Decrease Java heap size (-Xmx/-Xms)
#   Decrease number of Java threads
#   Decrease Java thread stack sizes (-Xss)
#   Set larger code cache with -XX:ReservedCodeCacheSize=
#   JVM is running with Unscaled Compressed Oops mode in which the Java heap is
#     placed in the first 4GB address space. The Java Heap base address is the
#     maximum limit for the native heap growth. Please use -XX:HeapBaseMinAddress
#     to set the Java Heap base and to place the Java Heap above 4GB virtual address.
# This output file may be truncated or incomplete.
#
#  Out of Memory Error (arena.cpp:162), pid=14800, tid=2284
#
# JRE version: Java(TM) SE Runtime Environment (24.0+36) (build 24+36-3646)
# Java VM: Java HotSpot(TM) 64-Bit Server VM (24+36-3646, mixed mode, sharing, tiered, compressed oops, compressed class ptrs, parallel gc, windows-amd64)
# No core dump will be written. Minidumps are not enabled by default on client versions of Windows
#

---------------  S U M M A R Y ------------

Command Line: -Djdk.xml.maxGeneralEntitySizeLimit=0 -Djdk.xml.totalEntitySizeLimit=0 --add-modules=ALL-SYSTEM --add-opens=java.base/java.util=ALL-UNNAMED --add-opens=java.base/java.lang=ALL-UNNAMED --add-opens=java.base/sun.nio.fs=ALL-UNNAMED -Declipse.application=org.eclipse.jdt.ls.core.id1 -Dosgi.bundles.defaultStartLevel=4 -Declipse.product=org.eclipse.jdt.ls.core.product -Djava.import.generatesMetadataFilesAtProjectRoot=false -Dm2e.project.cache.size=50 -DDetectVMInstallationsJob.disabled=true -Dfile.encoding=utf8 -XX:+UseParallelGC -XX:GCTimeRatio=4 -XX:AdaptiveSizePolicyWeight=90 -Dsun.zip.disableMemoryMapping=true -Xmx2G -Xms100m -Xlog:disable -javaagent:c:\Users\PC\.antigravity-ide\extensions\redhat.java-1.56.0-universal\lombok\lombok-1.18.39-4050.jar -XX:+HeapDumpOnOutOfMemoryError -XX:HeapDumpPath=c:\Users\PC\AppData\Roaming\Antigravity IDE\User\workspaceStorage\863fdc3948bc1a871a88ad357ecb6fce\redhat.java -Daether.dependencyCollector.impl=bf c:\Users\PC\.antigravity-ide\extensions\redhat.java-1.56.0-universal\server\plugins\org.eclipse.equinox.launcher_1.8.0.v20260804-1928.jar -configuration c:\Users\PC\AppData\Roaming\Antigravity IDE\User\globalStorage\redhat.java\1.56.0\config_win -data c:\Users\PC\AppData\Roaming\Antigravity IDE\User\workspaceStorage\863fdc3948bc1a871a88ad357ecb6fce\redhat.java\jdt_ws --pipe=\\.\pipe\lsp-5b0d3489657987710ce55793918b8bf9-sock

Host: 13th Gen Intel(R) Core(TM) i5-1335U, 12 cores, 7G,  Windows 11 , 64 bit Build 26100 (10.0.26100.8875)
Time: Thu Sep 10 18:43:37 2026 Sri Lanka Standard Time elapsed time: 34.441163 seconds (0d 0h 0m 34s)

---------------  T H R E A D  ---------------

Current thread (0x000001f7bace6fb0):  JavaThread "C2 CompilerThread0" daemon [_thread_in_native, id=2284, stack(0x00000077b7300000,0x00000077b7400000) (1024K)]


Current CompileTask:
C2:34441 7808       4       org.eclipse.osgi.container.ModuleDatabase$Persistence::addMap (289 bytes)

Stack: [0x00000077b7300000,0x00000077b7400000]
Native frames: (J=compiled Java code, j=interpreted, Vv=VM code, C=native code)
V  [jvm.dll+0x7308c9]  (no source info available)
V  [jvm.dll+0x8d9ca3]  (no source info available)
V  [jvm.dll+0x8dc13d]  (no source info available)
V  [jvm.dll+0x8dc7b3]  (no source info available)
V  [jvm.dll+0x2aa046]  (no source info available)
V  [jvm.dll+0xced8f]  (no source info available)
V  [jvm.dll+0xcefef]  (no source info available)
V  [jvm.dll+0x3f37dc]  (no source info available)
V  [jvm.dll+0x206025]  (no source info available)
V  [jvm.dll+0x26f7b0]  (no source info available)
V  [jvm.dll+0x26e9ff]  (no source info available)
V  [jvm.dll+0x1e9d00]  (no source info available)
V  [jvm.dll+0x27e1bb]  (no source info available)
V  [jvm.dll+0x27c45a]  (no source info available)
V  [jvm.dll+0x42f566]  (no source info available)
V  [jvm.dll+0x87d8fb]  (no source info available)
V  [jvm.dll+0x72efe5]  (no source info available)
C  [ucrtbase.dll+0x2cd30]  (no source info available)
C  [KERNEL32.DLL+0x2e957]  (no source info available)
C  [ntdll.dll+0xaad6c]  (no source info available)

Lock stack of current Java thread (top to bottom):


---------------  P R O C E S S  ---------------

Threads class SMR info:
_java_thread_list=0x000001f82004e4c0, length=48, elements={
0x000001f7b896c160, 0x000001f7d4985340, 0x000001f7d4988b00, 0x000001f7bacdef50,
0x000001f7bace16a0, 0x000001f7bace1de0, 0x000001f7bace2520, 0x000001f7bace6fb0,
0x000001f816e5d6e0, 0x000001f816e90830, 0x000001f817039d50, 0x000001f81c6a3990,
0x000001f81c663910, 0x000001f81c765990, 0x000001f81c66c620, 0x000001f81cc5a480,
0x000001f81ca82340, 0x000001f81cb6e5f0, 0x000001f81cb6d750, 0x000001f81cb70330,
0x000001f81cb6f490, 0x000001f81cb6dea0, 0x000001f81cb6ed40, 0x000001f81e1fc980,
0x000001f81e1fd820, 0x000001f81e1fdf70, 0x000001f81e1fd0d0, 0x000001f81e1fee10,
0x000001f81e1fe6c0, 0x000001f81e1fbae0, 0x000001f81e1ff560, 0x000001f81e1fc230,
0x000001f81e202140, 0x000001f81e1ffcb0, 0x000001f81e200400, 0x000001f81e202890,
0x000001f81e2012a0, 0x000001f81e200b50, 0x000001f81e202fe0, 0x000001f81e2019f0,
0x000001f81cb6d000, 0x000001f81e298c30, 0x000001f81e29bf60, 0x000001f81e29a220,
0x000001f81e299380, 0x000001f81e29d550, 0x000001f81e29c6b0, 0x000001f81e19d4b0
}

Java Threads: ( => current thread )
  0x000001f7b896c160 JavaThread "main"                              [_thread_blocked, id=14528, stack(0x00000077b6900000,0x00000077b6a00000) (1024K)]
  0x000001f7d4985340 JavaThread "Reference Handler"          daemon [_thread_blocked, id=12968, stack(0x00000077b6d00000,0x00000077b6e00000) (1024K)]
  0x000001f7d4988b00 JavaThread "Finalizer"                  daemon [_thread_blocked, id=13008, stack(0x00000077b6e00000,0x00000077b6f00000) (1024K)]
  0x000001f7bacdef50 JavaThread "Signal Dispatcher"          daemon [_thread_blocked, id=13588, stack(0x00000077b6f00000,0x00000077b7000000) (1024K)]
  0x000001f7bace16a0 JavaThread "Attach Listener"            daemon [_thread_blocked, id=15780, stack(0x00000077b7000000,0x00000077b7100000) (1024K)]
  0x000001f7bace1de0 JavaThread "Service Thread"             daemon [_thread_blocked, id=5596, stack(0x00000077b7100000,0x00000077b7200000) (1024K)]
  0x000001f7bace2520 JavaThread "Monitor Deflation Thread"   daemon [_thread_blocked, id=19880, stack(0x00000077b7200000,0x00000077b7300000) (1024K)]
=>0x000001f7bace6fb0 JavaThread "C2 CompilerThread0"         daemon [_thread_in_native, id=2284, stack(0x00000077b7300000,0x00000077b7400000) (1024K)]
  0x000001f816e5d6e0 JavaThread "C1 CompilerThread0"         daemon [_thread_blocked, id=25408, stack(0x00000077b7400000,0x00000077b7500000) (1024K)]
  0x000001f816e90830 JavaThread "Common-Cleaner"             daemon [_thread_blocked, id=3780, stack(0x00000077b7500000,0x00000077b7600000) (1024K)]
  0x000001f817039d50 JavaThread "Notification Thread"        daemon [_thread_blocked, id=18644, stack(0x00000077b7600000,0x00000077b7700000) (1024K)]
  0x000001f81c6a3990 JavaThread "Active Thread: Equinox Container: 0c509a0d-b301-4980-b601-95cb1fea83cb"        [_thread_blocked, id=23776, stack(0x00000077b7700000,0x00000077b7800000) (1024K)]
  0x000001f81c663910 JavaThread "Refresh Thread: Equinox Container: 0c509a0d-b301-4980-b601-95cb1fea83cb" daemon [_thread_blocked, id=13836, stack(0x00000077b7c00000,0x00000077b7d00000) (1024K)]
  0x000001f81c765990 JavaThread "Framework Event Dispatcher: Equinox Container: 0c509a0d-b301-4980-b601-95cb1fea83cb" daemon [_thread_blocked, id=15808, stack(0x00000077b7d00000,0x00000077b7e00000) (1024K)]
  0x000001f81c66c620 JavaThread "Start Level: Equinox Container: 0c509a0d-b301-4980-b601-95cb1fea83cb" daemon [_thread_blocked, id=6244, stack(0x00000077b7e00000,0x00000077b7f00000) (1024K)]
  0x000001f81cc5a480 JavaThread "Bundle File Closer"         daemon [_thread_blocked, id=17620, stack(0x00000077b8100000,0x00000077b8200000) (1024K)]
  0x000001f81ca82340 JavaThread "SCR Component Actor"        daemon [_thread_blocked, id=25344, stack(0x00000077b7f00000,0x00000077b8000000) (1024K)]
  0x000001f81cb6e5f0 JavaThread "Worker-JM"                         [_thread_blocked, id=22864, stack(0x00000077b8200000,0x00000077b8300000) (1024K)]
  0x000001f81cb6d750 JavaThread "JNA Cleaner"                daemon [_thread_blocked, id=10424, stack(0x00000077b8600000,0x00000077b8700000) (1024K)]
  0x000001f81cb70330 JavaThread "Worker-0"                          [_thread_blocked, id=21856, stack(0x00000077b8700000,0x00000077b8800000) (1024K)]
  0x000001f81cb6f490 JavaThread "Worker-1"                          [_thread_blocked, id=19244, stack(0x00000077b8800000,0x00000077b8900000) (1024K)]
  0x000001f81cb6dea0 JavaThread "Worker-2"                          [_thread_blocked, id=23648, stack(0x00000077b8b00000,0x00000077b8c00000) (1024K)]
  0x000001f81cb6ed40 JavaThread "Worker-3"                          [_thread_blocked, id=12376, stack(0x00000077b8500000,0x00000077b8600000) (1024K)]
  0x000001f81e1fc980 JavaThread "Java indexing"              daemon [_thread_blocked, id=9284, stack(0x00000077b8c00000,0x00000077b8d00000) (1024K)]
  0x000001f81e1fd820 JavaThread "Worker-4: Initialize workspace"        [_thread_blocked, id=396, stack(0x00000077b8f00000,0x00000077b9000000) (1024K)]
  0x000001f81e1fdf70 JavaThread "Worker-5"                          [_thread_blocked, id=19760, stack(0x00000077b9000000,0x00000077b9100000) (1024K)]
  0x000001f81e1fd0d0 JavaThread "Thread-1"                   daemon [_thread_in_native, id=13264, stack(0x00000077b9200000,0x00000077b9300000) (1024K)]
  0x000001f81e1fee10 JavaThread "Thread-2"                   daemon [_thread_in_native, id=8108, stack(0x00000077b9300000,0x00000077b9400000) (1024K)]
  0x000001f81e1fe6c0 JavaThread "Thread-3"                   daemon [_thread_in_native, id=256, stack(0x00000077b9400000,0x00000077b9500000) (1024K)]
  0x000001f81e1fbae0 JavaThread "Thread-4"                   daemon [_thread_in_native, id=7444, stack(0x00000077b9500000,0x00000077b9600000) (1024K)]
  0x000001f81e1ff560 JavaThread "Thread-5"                   daemon [_thread_in_native, id=25056, stack(0x00000077b9600000,0x00000077b9700000) (1024K)]
  0x000001f81e1fc230 JavaThread "Thread-6"                   daemon [_thread_in_native, id=18480, stack(0x00000077b9700000,0x00000077b9800000) (1024K)]
  0x000001f81e202140 JavaThread "Thread-7"                   daemon [_thread_in_native, id=11336, stack(0x00000077b9800000,0x00000077b9900000) (1024K)]
  0x000001f81e1ffcb0 JavaThread "Thread-8"                   daemon [_thread_in_native, id=11680, stack(0x00000077b9900000,0x00000077b9a00000) (1024K)]
  0x000001f81e200400 JavaThread "Thread-9"                   daemon [_thread_in_native, id=3708, stack(0x00000077b9a00000,0x00000077b9b00000) (1024K)]
  0x000001f81e202890 JavaThread "Thread-10"                  daemon [_thread_in_native, id=12556, stack(0x00000077b9b00000,0x00000077b9c00000) (1024K)]
  0x000001f81e2012a0 JavaThread "Thread-11"                  daemon [_thread_in_native, id=15000, stack(0x00000077b9c00000,0x00000077b9d00000) (1024K)]
  0x000001f81e200b50 JavaThread "Thread-12"                  daemon [_thread_in_native, id=1020, stack(0x00000077b9d00000,0x00000077b9e00000) (1024K)]
  0x000001f81e202fe0 JavaThread "Thread-13"                  daemon [_thread_in_native, id=15188, stack(0x00000077b9e00000,0x00000077b9f00000) (1024K)]
  0x000001f81e2019f0 JavaThread "pool-2-thread-1"                   [_thread_blocked, id=18036, stack(0x00000077b9f00000,0x00000077ba000000) (1024K)]
  0x000001f81cb6d000 JavaThread "WorkspaceEventsHandler"            [_thread_blocked, id=17176, stack(0x00000077ba100000,0x00000077ba200000) (1024K)]
  0x000001f81e298c30 JavaThread "pool-1-thread-1"                   [_thread_blocked, id=20876, stack(0x00000077ba200000,0x00000077ba300000) (1024K)]
  0x000001f81e29bf60 JavaThread "Timer-0"                           [_thread_blocked, id=10116, stack(0x00000077b9100000,0x00000077b9200000) (1024K)]
  0x000001f81e29a220 JavaThread "ForkJoinPool.commonPool-worker-1" daemon [_thread_blocked, id=14624, stack(0x00000077ba400000,0x00000077ba500000) (1024K)]
  0x000001f81e299380 JavaThread "ForkJoinPool.commonPool-worker-2" daemon [_thread_blocked, id=21004, stack(0x00000077ba500000,0x00000077ba600000) (1024K)]
  0x000001f81e29d550 JavaThread "ForkJoinPool.commonPool-worker-3" daemon [_thread_blocked, id=13064, stack(0x00000077ba600000,0x00000077ba700000) (1024K)]
  0x000001f81e29c6b0 JavaThread "Connection worker"                 [_thread_in_native, id=20676, stack(0x00000077ba700000,0x00000077ba800000) (1024K)]
  0x000001f81e19d4b0 JavaThread "C2 CompilerThread1"         daemon [_thread_blocked, id=11616, stack(0x00000077ba300000,0x00000077ba400000) (1024K)]
Total: 48

Other Threads:
  0x000001f816df1550 VMThread "VM Thread"                           [id=23676, stack(0x00000077b6c00000,0x00000077b6d00000) (1024K)]
  0x000001f7b8972d50 WatcherThread "VM Periodic Task Thread"        [id=24292, stack(0x00000077b6b00000,0x00000077b6c00000) (1024K)]
  0x000001f7bac631c0 WorkerThread "GC Thread#0"                     [id=12836, stack(0x00000077b6a00000,0x00000077b6b00000) (1024K)]
  0x000001f81c4fff40 WorkerThread "GC Thread#1"                     [id=3992, stack(0x00000077b7800000,0x00000077b7900000) (1024K)]
  0x000001f81c5002f0 WorkerThread "GC Thread#2"                     [id=4016, stack(0x00000077b7900000,0x00000077b7a00000) (1024K)]
  0x000001f81c5006a0 WorkerThread "GC Thread#3"                     [id=21124, stack(0x00000077b7a00000,0x00000077b7b00000) (1024K)]
  0x000001f81c682010 WorkerThread "GC Thread#4"                     [id=21744, stack(0x00000077b7b00000,0x00000077b7c00000) (1024K)]
  0x000001f81c964d10 WorkerThread "GC Thread#5"                     [id=18856, stack(0x00000077b8000000,0x00000077b8100000) (1024K)]
  0x000001f81c466600 WorkerThread "GC Thread#6"                     [id=2036, stack(0x00000077b8300000,0x00000077b8400000) (1024K)]
  0x000001f81c4669b0 WorkerThread "GC Thread#7"                     [id=25372, stack(0x00000077b8400000,0x00000077b8500000) (1024K)]
  0x000001f81c5c8fd0 WorkerThread "GC Thread#8"                     [id=20668, stack(0x00000077b8900000,0x00000077b8a00000) (1024K)]
  0x000001f81c5c7d60 WorkerThread "GC Thread#9"                     [id=16916, stack(0x00000077b8a00000,0x00000077b8b00000) (1024K)]
Total: 12

Threads with active compile tasks:
C2 CompilerThread0  34664 7808       4       org.eclipse.osgi.container.ModuleDatabase$Persistence::addMap (289 bytes)
Total: 1

VM state: not at safepoint (normal execution)

VM Mutex/Monitor currently owned by a thread: None

Heap address: 0x0000000080000000, size: 2048 MB, Compressed Oops mode: 32-bit

CDS archive(s) mapped at: [0x000001f7d5000000-0x000001f7d5d40000-0x000001f7d5d40000), size 13893632, SharedBaseAddress: 0x000001f7d5000000, ArchiveRelocationMode: 1.
Compressed class space mapped at: 0x000001f7d6000000-0x000001f816000000, reserved size: 1073741824
UseCompressedClassPointers 1, UseCompactObjectHeaders 0
Narrow klass pointer bits 32, Max shift 3
Narrow klass base: 0x000001f7d5000000, Narrow klass shift: 0
Encoding Range: [0x000001f7d5000000 - 0x000001f8d5000000), (4294967296 bytes)
Klass Range:    [0x000001f7d5000000 - 0x000001f816000000), (1090519040 bytes)
Klass ID Range:  [8 - 1090519033) (1090519025)

GC Precious Log:
 CardTable entry size: 512
 CPUs: 12 total, 12 available
 Memory: 7835M
 Large Page Support: Disabled
 NUMA Support: Disabled
 Compressed Oops: Enabled (32-bit)
 Alignments: Space 512K, Generation 512K, Heap 2M
 Heap Min Capacity: 100M
 Heap Initial Capacity: 100M
 Heap Max Capacity: 2G
 Pre-touch: Disabled
 Parallel Workers: 10

Heap:
 PSYoungGen      total 30720K, used 2564K [0x00000000d5580000, 0x00000000d7680000, 0x0000000100000000)
  eden space 29696K, 5% used [0x00000000d5580000,0x00000000d5709210,0x00000000d7280000)
  from space 1024K, 96% used [0x00000000d7280000,0x00000000d7378020,0x00000000d7380000)
  to   space 2048K, 0% used [0x00000000d7480000,0x00000000d7480000,0x00000000d7680000)
 ParOldGen       total 68608K, used 44593K [0x0000000080000000, 0x0000000084300000, 0x00000000d5580000)
  object space 68608K, 64% used [0x0000000080000000,0x0000000082b8c600,0x0000000084300000)
 Metaspace       used 61543K, committed 62784K, reserved 1114112K
  class space    used 5980K, committed 6528K, reserved 1048576K

Card table byte_map: [0x000001f7ba760000,0x000001f7bab60000] _byte_map_base: 0x000001f7ba360000

Marking Bits: (ParMarkBitMap*) 0x00007ff80d4598a0
 Begin Bits: [0x000001f7d2790000, 0x000001f7d4790000)

Polling page: 0x000001f7b8ec0000

Metaspace:

Usage:
  Non-class:     54.26 MB used.
      Class:      5.84 MB used.
       Both:     60.10 MB used.

Virtual space:
  Non-class space:       64.00 MB reserved,      54.94 MB ( 86%) committed,  1 nodes.
      Class space:        1.00 GB reserved,       6.38 MB ( <1%) committed,  1 nodes.
             Both:        1.06 GB reserved,      61.31 MB (  6%) committed. 

Chunk freelists:
   Non-Class:  8.44 MB
       Class:  9.65 MB
        Both:  18.09 MB

MaxMetaspaceSize: unlimited
CompressedClassSpaceSize: 1.00 GB
Initial GC threshold: 21.00 MB
Current GC threshold: 97.31 MB
CDS: on
 - commit_granule_bytes: 65536.
 - commit_granule_words: 8192.
 - virtual_space_node_default_size: 8388608.
 - enlarge_chunks_in_place: 1.
UseCompressedClassPointers 1, UseCompactObjectHeaders 0
Narrow klass pointer bits 32, Max shift 3
Narrow klass base: 0x000001f7d5000000, Narrow klass shift: 0
Encoding Range: [0x000001f7d5000000 - 0x000001f8d5000000), (4294967296 bytes)
Klass Range:    [0x000001f7d5000000 - 0x000001f816000000), (1090519040 bytes)
Klass ID Range:  [8 - 1090519033) (1090519025)


Internal statistics:

num_allocs_failed_limit: 9.
num_arena_births: 904.
num_arena_deaths: 14.
num_vsnodes_births: 2.
num_vsnodes_deaths: 0.
num_space_committed: 981.
num_space_uncommitted: 0.
num_chunks_returned_to_freelist: 23.
num_chunks_taken_from_freelist: 3331.
num_chunk_merges: 10.
num_chunk_splits: 2137.
num_chunks_enlarged: 1369.
num_inconsistent_stats: 0.

CodeHeap 'non-profiled nmethods': size=120064Kb used=3199Kb max_used=3199Kb free=116864Kb
 bounds [0x000001f7cafa0000, 0x000001f7cb2c0000, 0x000001f7d24e0000]
CodeHeap 'profiled nmethods': size=120000Kb used=12433Kb max_used=12433Kb free=107566Kb
 bounds [0x000001f7c34e0000, 0x000001f7c4110000, 0x000001f7caa10000]
CodeHeap 'non-nmethods': size=5696Kb used=1457Kb max_used=1513Kb free=4238Kb
 bounds [0x000001f7caa10000, 0x000001f7cac80000, 0x000001f7cafa0000]
CodeCache: size=245760Kb, used=17089Kb, max_used=17145Kb, free=228668Kb
 total_blobs=7873, nmethods=7136, adapters=642, full_count=0
Compilation: enabled, stopped_count=0, restarted_count=0

Compilation events (20 events):
Event: 32.962 Thread 0x000001f816e5d6e0 nmethod 7860 0x000001f7c40f7688 code [0x000001f7c40f8040, 0x000001f7c40ffe60]
Event: 32.972 Thread 0x000001f816e5d6e0 7862       3       java.util.regex.Pattern::split (325 bytes)
Event: 32.972 Thread 0x000001f81e19d4b0 nmethod 7845 0x000001f7cb2b7d88 code [0x000001f7cb2b7f20, 0x000001f7cb2b8580]
Event: 32.972 Thread 0x000001f81e19d4b0 7861       4       java.util.regex.Pattern$BmpCharPropertyGreedy::match (89 bytes)
Event: 32.976 Thread 0x000001f816e5d6e0 nmethod 7862 0x000001f7c40fff88 code [0x000001f7c41004e0, 0x000001f7c41049e8]
Event: 32.978 Thread 0x000001f81e19d4b0 nmethod 7861 0x000001f7cb2b8608 code [0x000001f7cb2b8760, 0x000001f7cb2b8d58]
Event: 32.978 Thread 0x000001f81e19d4b0 7838       4       java.io.DataOutputStream::writeInt (28 bytes)
Event: 32.983 Thread 0x000001f81e19d4b0 nmethod 7838 0x000001f7cb2b8e08 code [0x000001f7cb2b8f60, 0x000001f7cb2b95c0]
Event: 32.984 Thread 0x000001f81e19d4b0 7837       4       org.eclipse.osgi.container.ModuleDatabase$Persistence::writeString (99 bytes)
Event: 32.990 Thread 0x000001f816e5d6e0 7864       3       java.time.ZoneRegion::getRules (23 bytes)
Event: 32.991 Thread 0x000001f816e5d6e0 nmethod 7864 0x000001f7c38f2c88 code [0x000001f7c38f2e00, 0x000001f7c38f31c0]
Event: 32.992 Thread 0x000001f816e5d6e0 7865       3       jdk.internal.classfile.impl.DirectCodeBuilder::areturn (12 bytes)
Event: 32.992 Thread 0x000001f816e5d6e0 nmethod 7865 0x000001f7c38f2988 code [0x000001f7c38f2aa0, 0x000001f7c38f2c78]
Event: 33.048 Thread 0x000001f81e19d4b0 nmethod 7837 0x000001f7cb2b9688 code [0x000001f7cb2b99c0, 0x000001f7cb2bc300]
Event: 33.048 Thread 0x000001f81e19d4b0 7852       4       org.eclipse.osgi.container.ModuleDatabase$Persistence::addToWriteTable (77 bytes)
Event: 33.063 Thread 0x000001f81e19d4b0 nmethod 7852 0x000001f7cb2bc588 code [0x000001f7cb2bc760, 0x000001f7cb2bd1f0]
Event: 33.063 Thread 0x000001f81e19d4b0 7853       4       java.util.Collections$UnmodifiableMap::hashCode (10 bytes)
Event: 33.080 Thread 0x000001f81e19d4b0 nmethod 7853 0x000001f7cb2bd308 code [0x000001f7cb2bd460, 0x000001f7cb2bda60]
Event: 33.080 Thread 0x000001f81e19d4b0 7863       4       jdk.internal.classfile.impl.SplitConstantPool::utf8Entry (25 bytes)
Event: 33.126 Thread 0x000001f81e19d4b0 nmethod 7863 0x000001f7cb2bdb88 code [0x000001f7cb2bdee0, 0x000001f7cb2bfac0]

GC Heap History (20 events):
Event: 17.999 GC heap before
{Heap before GC invocations=17 (full 2):
 PSYoungGen      total 29696K, used 29692K [0x00000000d5580000, 0x00000000d7a00000, 0x0000000100000000)
  eden space 28160K, 100% used [0x00000000d5580000,0x00000000d7100000,0x00000000d7100000)
  from space 1536K, 99% used [0x00000000d7500000,0x00000000d767f2e8,0x00000000d7680000)
  to   space 4096K, 0% used [0x00000000d7100000,0x00000000d7100000,0x00000000d7500000)
 ParOldGen       total 68608K, used 23898K [0x0000000080000000, 0x0000000084300000, 0x00000000d5580000)
  object space 68608K, 34% used [0x0000000080000000,0x0000000081756818,0x0000000084300000)
 Metaspace       used 48487K, committed 49472K, reserved 1114112K
  class space    used 4458K, committed 4864K, reserved 1048576K
}
Event: 18.003 GC heap after
{Heap after GC invocations=17 (full 2):
 PSYoungGen      total 31232K, used 3115K [0x00000000d5580000, 0x00000000d7780000, 0x0000000100000000)
  eden space 27648K, 0% used [0x00000000d5580000,0x00000000d5580000,0x00000000d7080000)
  from space 3584K, 86% used [0x00000000d7100000,0x00000000d740ae28,0x00000000d7480000)
  to   space 3072K, 0% used [0x00000000d7480000,0x00000000d7480000,0x00000000d7780000)
 ParOldGen       total 68608K, used 24974K [0x0000000080000000, 0x0000000084300000, 0x00000000d5580000)
  object space 68608K, 36% used [0x0000000080000000,0x0000000081863888,0x0000000084300000)
 Metaspace       used 48487K, committed 49472K, reserved 1114112K
  class space    used 4458K, committed 4864K, reserved 1048576K
}
Event: 20.069 GC heap before
{Heap before GC invocations=18 (full 2):
 PSYoungGen      total 31232K, used 30763K [0x00000000d5580000, 0x00000000d7780000, 0x0000000100000000)
  eden space 27648K, 100% used [0x00000000d5580000,0x00000000d7080000,0x00000000d7080000)
  from space 3584K, 86% used [0x00000000d7100000,0x00000000d740ae28,0x00000000d7480000)
  to   space 3072K, 0% used [0x00000000d7480000,0x00000000d7480000,0x00000000d7780000)
 ParOldGen       total 68608K, used 24974K [0x0000000080000000, 0x0000000084300000, 0x00000000d5580000)
  object space 68608K, 36% used [0x0000000080000000,0x0000000081863888,0x0000000084300000)
 Metaspace       used 50155K, committed 51200K, reserved 1114112K
  class space    used 4626K, committed 5056K, reserved 1048576K
}
Event: 20.072 GC heap after
{Heap after GC invocations=18 (full 2):
 PSYoungGen      total 31744K, used 736K [0x00000000d5580000, 0x00000000d7680000, 0x0000000100000000)
  eden space 29696K, 0% used [0x00000000d5580000,0x00000000d5580000,0x00000000d7280000)
  from space 2048K, 35% used [0x00000000d7480000,0x00000000d7538000,0x00000000d7680000)
  to   space 2048K, 0% used [0x00000000d7280000,0x00000000d7280000,0x00000000d7480000)
 ParOldGen       total 68608K, used 27544K [0x0000000080000000, 0x0000000084300000, 0x00000000d5580000)
  object space 68608K, 40% used [0x0000000080000000,0x0000000081ae60b0,0x0000000084300000)
 Metaspace       used 50155K, committed 51200K, reserved 1114112K
  class space    used 4626K, committed 5056K, reserved 1048576K
}
Event: 21.188 GC heap before
{Heap before GC invocations=19 (full 2):
 PSYoungGen      total 31744K, used 30337K [0x00000000d5580000, 0x00000000d7680000, 0x0000000100000000)
  eden space 29696K, 99% used [0x00000000d5580000,0x00000000d72684a8,0x00000000d7280000)
  from space 2048K, 35% used [0x00000000d7480000,0x00000000d7538000,0x00000000d7680000)
  to   space 2048K, 0% used [0x00000000d7280000,0x00000000d7280000,0x00000000d7480000)
 ParOldGen       total 68608K, used 27544K [0x0000000080000000, 0x0000000084300000, 0x00000000d5580000)
  object space 68608K, 40% used [0x0000000080000000,0x0000000081ae60b0,0x0000000084300000)
 Metaspace       used 52170K, committed 53248K, reserved 1114112K
  class space    used 4846K, committed 5312K, reserved 1048576K
}
Event: 21.192 GC heap after
{Heap after GC invocations=19 (full 2):
 PSYoungGen      total 31232K, used 2017K [0x00000000d5580000, 0x00000000d7e00000, 0x0000000100000000)
  eden space 29184K, 0% used [0x00000000d5580000,0x00000000d5580000,0x00000000d7200000)
  from space 2048K, 98% used [0x00000000d7280000,0x00000000d74786e0,0x00000000d7480000)
  to   space 6144K, 0% used [0x00000000d7800000,0x00000000d7800000,0x00000000d7e00000)
 ParOldGen       total 68608K, used 30495K [0x0000000080000000, 0x0000000084300000, 0x00000000d5580000)
  object space 68608K, 44% used [0x0000000080000000,0x0000000081dc7c70,0x0000000084300000)
 Metaspace       used 52170K, committed 53248K, reserved 1114112K
  class space    used 4846K, committed 5312K, reserved 1048576K
}
Event: 22.123 GC heap before
{Heap before GC invocations=20 (full 2):
 PSYoungGen      total 31232K, used 31201K [0x00000000d5580000, 0x00000000d7e00000, 0x0000000100000000)
  eden space 29184K, 100% used [0x00000000d5580000,0x00000000d7200000,0x00000000d7200000)
  from space 2048K, 98% used [0x00000000d7280000,0x00000000d74786e0,0x00000000d7480000)
  to   space 6144K, 0% used [0x00000000d7800000,0x00000000d7800000,0x00000000d7e00000)
 ParOldGen       total 68608K, used 30495K [0x0000000080000000, 0x0000000084300000, 0x00000000d5580000)
  object space 68608K, 44% used [0x0000000080000000,0x0000000081dc7c70,0x0000000084300000)
 Metaspace       used 54354K, committed 55552K, reserved 1114112K
  class space    used 5074K, committed 5568K, reserved 1048576K
}
Event: 22.131 GC heap after
{Heap after GC invocations=20 (full 2):
 PSYoungGen      total 34304K, used 5255K [0x00000000d5580000, 0x00000000d7d80000, 0x0000000100000000)
  eden space 28672K, 0% used [0x00000000d5580000,0x00000000d5580000,0x00000000d7180000)
  from space 5632K, 93% used [0x00000000d7800000,0x00000000d7d21f58,0x00000000d7d80000)
  to   space 5632K, 0% used [0x00000000d7280000,0x00000000d7280000,0x00000000d7800000)
 ParOldGen       total 68608K, used 32452K [0x0000000080000000, 0x0000000084300000, 0x00000000d5580000)
  object space 68608K, 47% used [0x0000000080000000,0x0000000081fb1168,0x0000000084300000)
 Metaspace       used 54354K, committed 55552K, reserved 1114112K
  class space    used 5074K, committed 5568K, reserved 1048576K
}
Event: 22.796 GC heap before
{Heap before GC invocations=21 (full 2):
 PSYoungGen      total 34304K, used 33927K [0x00000000d5580000, 0x00000000d7d80000, 0x0000000100000000)
  eden space 28672K, 100% used [0x00000000d5580000,0x00000000d7180000,0x00000000d7180000)
  from space 5632K, 93% used [0x00000000d7800000,0x00000000d7d21f58,0x00000000d7d80000)
  to   space 5632K, 0% used [0x00000000d7280000,0x00000000d7280000,0x00000000d7800000)
 ParOldGen       total 68608K, used 32452K [0x0000000080000000, 0x0000000084300000, 0x00000000d5580000)
  object space 68608K, 47% used [0x0000000080000000,0x0000000081fb1168,0x0000000084300000)
 Metaspace       used 54439K, committed 55616K, reserved 1114112K
  class space    used 5078K, committed 5568K, reserved 1048576K
}
Event: 22.801 GC heap after
{Heap after GC invocations=21 (full 2):
 PSYoungGen      total 30720K, used 864K [0x00000000d5580000, 0x00000000d7880000, 0x0000000100000000)
  eden space 29696K, 0% used [0x00000000d5580000,0x00000000d5580000,0x00000000d7280000)
  from space 1024K, 84% used [0x00000000d7280000,0x00000000d7358000,0x00000000d7380000)
  to   space 2560K, 0% used [0x00000000d7600000,0x00000000d7600000,0x00000000d7880000)
 ParOldGen       total 68608K, used 37522K [0x0000000080000000, 0x0000000084300000, 0x00000000d5580000)
  object space 68608K, 54% used [0x0000000080000000,0x00000000824a4b90,0x0000000084300000)
 Metaspace       used 54439K, committed 55616K, reserved 1114112K
  class space    used 5078K, committed 5568K, reserved 1048576K
}
Event: 23.191 GC heap before
{Heap before GC invocations=22 (full 2):
 PSYoungGen      total 30720K, used 30560K [0x00000000d5580000, 0x00000000d7880000, 0x0000000100000000)
  eden space 29696K, 100% used [0x00000000d5580000,0x00000000d7280000,0x00000000d7280000)
  from space 1024K, 84% used [0x00000000d7280000,0x00000000d7358000,0x00000000d7380000)
  to   space 2560K, 0% used [0x00000000d7600000,0x00000000d7600000,0x00000000d7880000)
 ParOldGen       total 68608K, used 37522K [0x0000000080000000, 0x0000000084300000, 0x00000000d5580000)
  object space 68608K, 54% used [0x0000000080000000,0x00000000824a4b90,0x0000000084300000)
 Metaspace       used 54587K, committed 55744K, reserved 1114112K
  class space    used 5102K, committed 5568K, reserved 1048576K
}
Event: 23.194 GC heap after
{Heap after GC invocations=22 (full 2):
 PSYoungGen      total 29696K, used 2551K [0x00000000d5580000, 0x00000000d7e00000, 0x0000000100000000)
  eden space 27136K, 0% used [0x00000000d5580000,0x00000000d5580000,0x00000000d7000000)
  from space 2560K, 99% used [0x00000000d7600000,0x00000000d787dc50,0x00000000d7880000)
  to   space 6144K, 0% used [0x00000000d7000000,0x00000000d7000000,0x00000000d7600000)
 ParOldGen       total 68608K, used 40094K [0x0000000080000000, 0x0000000084300000, 0x00000000d5580000)
  object space 68608K, 58% used [0x0000000080000000,0x0000000082727a40,0x0000000084300000)
 Metaspace       used 54587K, committed 55744K, reserved 1114112K
  class space    used 5102K, committed 5568K, reserved 1048576K
}
Event: 23.768 GC heap before
{Heap before GC invocations=23 (full 2):
 PSYoungGen      total 29696K, used 29687K [0x00000000d5580000, 0x00000000d7e00000, 0x0000000100000000)
  eden space 27136K, 100% used [0x00000000d5580000,0x00000000d7000000,0x00000000d7000000)
  from space 2560K, 99% used [0x00000000d7600000,0x00000000d787dc50,0x00000000d7880000)
  to   space 6144K, 0% used [0x00000000d7000000,0x00000000d7000000,0x00000000d7600000)
 ParOldGen       total 68608K, used 40094K [0x0000000080000000, 0x0000000084300000, 0x00000000d5580000)
  object space 68608K, 58% used [0x0000000080000000,0x0000000082727a40,0x0000000084300000)
 Metaspace       used 57170K, committed 58368K, reserved 1114112K
  class space    used 5423K, committed 5952K, reserved 1048576K
}
Event: 23.771 GC heap after
{Heap after GC invocations=23 (full 2):
 PSYoungGen      total 28672K, used 1168K [0x00000000d5580000, 0x00000000d7680000, 0x0000000100000000)
  eden space 27136K, 0% used [0x00000000d5580000,0x00000000d5580000,0x00000000d7000000)
  from space 1536K, 76% used [0x00000000d7000000,0x00000000d7124020,0x00000000d7180000)
  to   space 3072K, 0% used [0x00000000d7380000,0x00000000d7380000,0x00000000d7680000)
 ParOldGen       total 68608K, used 42648K [0x0000000080000000, 0x0000000084300000, 0x00000000d5580000)
  object space 68608K, 62% used [0x0000000080000000,0x00000000829a62d0,0x0000000084300000)
 Metaspace       used 57170K, committed 58368K, reserved 1114112K
  class space    used 5423K, committed 5952K, reserved 1048576K
}
Event: 24.693 GC heap before
{Heap before GC invocations=24 (full 2):
 PSYoungGen      total 28672K, used 28304K [0x00000000d5580000, 0x00000000d7680000, 0x0000000100000000)
  eden space 27136K, 100% used [0x00000000d5580000,0x00000000d7000000,0x00000000d7000000)
  from space 1536K, 76% used [0x00000000d7000000,0x00000000d7124020,0x00000000d7180000)
  to   space 3072K, 0% used [0x00000000d7380000,0x00000000d7380000,0x00000000d7680000)
 ParOldGen       total 68608K, used 42648K [0x0000000080000000, 0x0000000084300000, 0x00000000d5580000)
  object space 68608K, 62% used [0x0000000080000000,0x00000000829a62d0,0x0000000084300000)
 Metaspace       used 58326K, committed 59456K, reserved 1114112K
  class space    used 5603K, committed 6080K, reserved 1048576K
}
Event: 24.696 GC heap after
{Heap after GC invocations=24 (full 2):
 PSYoungGen      total 32768K, used 496K [0x00000000d5580000, 0x00000000d7680000, 0x0000000100000000)
  eden space 29696K, 0% used [0x00000000d5580000,0x00000000d5580000,0x00000000d7280000)
  from space 3072K, 16% used [0x00000000d7380000,0x00000000d73fc010,0x00000000d7680000)
  to   space 1024K, 0% used [0x00000000d7280000,0x00000000d7280000,0x00000000d7380000)
 ParOldGen       total 68608K, used 43656K [0x0000000080000000, 0x0000000084300000, 0x00000000d5580000)
  object space 68608K, 63% used [0x0000000080000000,0x0000000082aa2300,0x0000000084300000)
 Metaspace       used 58326K, committed 59456K, reserved 1114112K
  class space    used 5603K, committed 6080K, reserved 1048576K
}
Event: 24.886 GC heap before
{Heap before GC invocations=25 (full 3):
 PSYoungGen      total 32768K, used 4963K [0x00000000d5580000, 0x00000000d7680000, 0x0000000100000000)
  eden space 29696K, 15% used [0x00000000d5580000,0x00000000d59dcf68,0x00000000d7280000)
  from space 3072K, 16% used [0x00000000d7380000,0x00000000d73fc010,0x00000000d7680000)
  to   space 1024K, 0% used [0x00000000d7280000,0x00000000d7280000,0x00000000d7380000)
 ParOldGen       total 68608K, used 43656K [0x0000000080000000, 0x0000000084300000, 0x00000000d5580000)
  object space 68608K, 63% used [0x0000000080000000,0x0000000082aa2300,0x0000000084300000)
 Metaspace       used 58553K, committed 59776K, reserved 1114112K
  class space    used 5626K, committed 6144K, reserved 1048576K
}
Event: 24.945 GC heap after
{Heap after GC invocations=25 (full 3):
 PSYoungGen      total 32768K, used 0K [0x00000000d5580000, 0x00000000d7680000, 0x0000000100000000)
  eden space 29696K, 0% used [0x00000000d5580000,0x00000000d5580000,0x00000000d7280000)
  from space 3072K, 0% used [0x00000000d7380000,0x00000000d7380000,0x00000000d7680000)
  to   space 1024K, 0% used [0x00000000d7280000,0x00000000d7280000,0x00000000d7380000)
 ParOldGen       total 68608K, used 44009K [0x0000000080000000, 0x0000000084300000, 0x00000000d5580000)
  object space 68608K, 64% used [0x0000000080000000,0x0000000082afa5d0,0x0000000084300000)
 Metaspace       used 58553K, committed 59776K, reserved 1114112K
  class space    used 5626K, committed 6144K, reserved 1048576K
}
Event: 32.930 GC heap before
{Heap before GC invocations=26 (full 3):
 PSYoungGen      total 32768K, used 29696K [0x00000000d5580000, 0x00000000d7680000, 0x0000000100000000)
  eden space 29696K, 100% used [0x00000000d5580000,0x00000000d7280000,0x00000000d7280000)
  from space 3072K, 0% used [0x00000000d7380000,0x00000000d7380000,0x00000000d7680000)
  to   space 1024K, 0% used [0x00000000d7280000,0x00000000d7280000,0x00000000d7380000)
 ParOldGen       total 68608K, used 44009K [0x0000000080000000, 0x0000000084300000, 0x00000000d5580000)
  object space 68608K, 64% used [0x0000000080000000,0x0000000082afa5d0,0x0000000084300000)
 Metaspace       used 61380K, committed 62656K, reserved 1114112K
  class space    used 5974K, committed 6528K, reserved 1048576K
}
Event: 32.933 GC heap after
{Heap after GC invocations=26 (full 3):
 PSYoungGen      total 30720K, used 992K [0x00000000d5580000, 0x00000000d7680000, 0x0000000100000000)
  eden space 29696K, 0% used [0x00000000d5580000,0x00000000d5580000,0x00000000d7280000)
  from space 1024K, 96% used [0x00000000d7280000,0x00000000d7378020,0x00000000d7380000)
  to   space 2048K, 0% used [0x00000000d7480000,0x00000000d7480000,0x00000000d7680000)
 ParOldGen       total 68608K, used 44593K [0x0000000080000000, 0x0000000084300000, 0x00000000d5580000)
  object space 68608K, 64% used [0x0000000080000000,0x0000000082b8c600,0x0000000084300000)
 Metaspace       used 61380K, committed 62656K, reserved 1114112K
  class space    used 5974K, committed 6528K, reserved 1048576K
}

Dll operation events (16 events):
Event: 0.025 Loaded shared library C:\Program Files\Java\jdk-24\bin\java.dll
Event: 0.160 Loaded shared library C:\Program Files\Java\jdk-24\bin\jsvml.dll
Event: 0.357 Loaded shared library C:\Program Files\Java\jdk-24\bin\zip.dll
Event: 0.372 Loaded shared library C:\Program Files\Java\jdk-24\bin\instrument.dll
Event: 0.381 Loaded shared library C:\Program Files\Java\jdk-24\bin\net.dll
Event: 0.385 Loaded shared library C:\Program Files\Java\jdk-24\bin\nio.dll
Event: 0.393 Loaded shared library C:\Program Files\Java\jdk-24\bin\zip.dll
Event: 0.435 Loaded shared library C:\Program Files\Java\jdk-24\bin\jimage.dll
Event: 0.674 Loaded shared library C:\Program Files\Java\jdk-24\bin\verify.dll
Event: 4.148 Loaded shared library C:\Users\PC\AppData\Roaming\Antigravity IDE\User\globalStorage\redhat.java\1.56.0\config_win\org.eclipse.equinox.launcher\org.eclipse.equinox.launcher.win32.win32.x86_64_1.3.100.v20260804-1928\eclipse_11924.dll
Event: 11.037 Loaded shared library C:\Users\PC\AppData\Local\Temp\jna-2547\jna4244276934796105102.dll
Event: 15.042 Loaded shared library C:\Program Files\Java\jdk-24\bin\sunmscapi.dll
Event: 15.279 Loaded shared library C:\Program Files\Java\jdk-24\bin\extnet.dll
Event: 21.546 Loaded shared library C:\Users\PC\.gradle\native\1def1411415f61bf3af743bc5b6707747c0891f09f0c88961ee8f79bc544acac\windows-amd64\native-platform.dll
Event: 23.817 Loaded shared library C:\Program Files\Java\jdk-24\bin\management.dll
Event: 23.819 Loaded shared library C:\Program Files\Java\jdk-24\bin\management_ext.dll

Deoptimization events (20 events):
Event: 32.903 Thread 0x000001f81c6a3990 Uncommon trap: trap_request=0xffffff4d fr.pc=0x000001f7cb256864 relative=0x0000000000000544
Event: 32.903 Thread 0x000001f81c6a3990 Uncommon trap: reason=unstable_if action=reinterpret pc=0x000001f7cb256864 method=java.util.HashMap.putVal(ILjava/lang/Object;Ljava/lang/Object;ZZ)Ljava/lang/Object; @ 94 c2
Event: 32.903 Thread 0x000001f81c6a3990 DEOPT PACKING pc=0x000001f7cb256864 sp=0x00000077b77fec90
Event: 32.903 Thread 0x000001f81c6a3990 DEOPT UNPACKING pc=0x000001f7caa86782 sp=0x00000077b77feba0 mode 2
Event: 32.903 Thread 0x000001f81c6a3990 Uncommon trap: trap_request=0xffffff4d fr.pc=0x000001f7cb257054 relative=0x0000000000000534
Event: 32.903 Thread 0x000001f81c6a3990 Uncommon trap: reason=unstable_if action=reinterpret pc=0x000001f7cb257054 method=java.util.HashMap.putVal(ILjava/lang/Object;Ljava/lang/Object;ZZ)Ljava/lang/Object; @ 94 c2
Event: 32.903 Thread 0x000001f81c6a3990 DEOPT PACKING pc=0x000001f7cb257054 sp=0x00000077b77fec00
Event: 32.903 Thread 0x000001f81c6a3990 DEOPT UNPACKING pc=0x000001f7caa86782 sp=0x00000077b77feb98 mode 2
Event: 32.912 Thread 0x000001f81c6a3990 Uncommon trap: trap_request=0xffffff4d fr.pc=0x000001f7cb022284 relative=0x00000000000001c4
Event: 32.912 Thread 0x000001f81c6a3990 Uncommon trap: reason=unstable_if action=reinterpret pc=0x000001f7cb022284 method=java.util.HashMap.getNode(Ljava/lang/Object;)Ljava/util/HashMap$Node; @ 131 c2
Event: 32.912 Thread 0x000001f81c6a3990 DEOPT PACKING pc=0x000001f7cb022284 sp=0x00000077b77fee10
Event: 32.912 Thread 0x000001f81c6a3990 DEOPT UNPACKING pc=0x000001f7caa86782 sp=0x00000077b77fed20 mode 2
Event: 32.912 Thread 0x000001f81c6a3990 Uncommon trap: trap_request=0xffffff4d fr.pc=0x000001f7cb0217c8 relative=0x0000000000000208
Event: 32.912 Thread 0x000001f81c6a3990 Uncommon trap: reason=unstable_if action=reinterpret pc=0x000001f7cb0217c8 method=java.util.HashMap.getNode(Ljava/lang/Object;)Ljava/util/HashMap$Node; @ 131 c2
Event: 32.912 Thread 0x000001f81c6a3990 DEOPT PACKING pc=0x000001f7cb0217c8 sp=0x00000077b77fed30
Event: 32.912 Thread 0x000001f81c6a3990 DEOPT UNPACKING pc=0x000001f7caa86782 sp=0x00000077b77fecb0 mode 2
Event: 32.992 Thread 0x000001f81c6a3990 Uncommon trap: trap_request=0xffffff4d fr.pc=0x000001f7cb1c1c3c relative=0x00000000000001dc
Event: 32.992 Thread 0x000001f81c6a3990 Uncommon trap: reason=unstable_if action=reinterpret pc=0x000001f7cb1c1c3c method=jdk.internal.classfile.impl.SplitConstantPool.maybeCloneUtf8Entry(Ljava/lang/classfile/constantpool/Utf8Entry;)Ljdk/internal/classfile/impl/AbstractPoolEntry$Utf8EntryImpl; 
Event: 32.992 Thread 0x000001f81c6a3990 DEOPT PACKING pc=0x000001f7cb1c1c3c sp=0x00000077b77fd4c0
Event: 32.992 Thread 0x000001f81c6a3990 DEOPT UNPACKING pc=0x000001f7caa86782 sp=0x00000077b77fd450 mode 2

Classes loaded (20 events):
Event: 32.970 Loading class sun/util/locale/provider/TimeZoneNameUtility$TimeZoneNameGetter
Event: 32.970 Loading class sun/util/locale/provider/TimeZoneNameUtility$TimeZoneNameGetter done
Event: 32.970 Loading class sun/util/cldr/CLDRTimeZoneNameProviderImpl
Event: 32.971 Loading class sun/util/locale/provider/TimeZoneNameProviderImpl
Event: 32.971 Loading class sun/util/locale/provider/TimeZoneNameProviderImpl done
Event: 32.971 Loading class sun/util/cldr/CLDRTimeZoneNameProviderImpl done
Event: 32.974 Loading class sun/util/resources/cldr/TimeZoneNames
Event: 32.974 Loading class sun/util/resources/TimeZoneNamesBundle
Event: 32.975 Loading class sun/util/resources/OpenListResourceBundle
Event: 32.975 Loading class sun/util/resources/OpenListResourceBundle done
Event: 32.975 Loading class sun/util/resources/TimeZoneNamesBundle done
Event: 32.975 Loading class sun/util/resources/cldr/TimeZoneNames done
Event: 32.975 Loading class sun/util/resources/cldr/TimeZoneNames_en
Event: 32.978 Loading class sun/util/resources/cldr/TimeZoneNames_en done
Event: 32.978 Loading class sun/util/resources/cldr/TimeZoneNames_en_US
Event: 32.978 Loading class sun/util/resources/cldr/TimeZoneNames_en_US done
Event: 32.981 Loading class sun/util/cldr/CLDRBaseLocaleDataMetaInfo$CLDRMapHolder
Event: 32.984 Loading class sun/util/cldr/CLDRBaseLocaleDataMetaInfo$CLDRMapHolder done
Event: 32.989 Loading class sun/util/resources/ParallelListResourceBundle
Event: 32.990 Loading class sun/util/resources/ParallelListResourceBundle done

Classes unloaded (7 events):
Event: 12.096 Thread 0x000001f816df1550 Unloading class 0x000001f7d619d000 'java/lang/invoke/LambdaForm$MH+0x000001f7d619d000'
Event: 12.096 Thread 0x000001f816df1550 Unloading class 0x000001f7d619cc00 'java/lang/invoke/LambdaForm$MH+0x000001f7d619cc00'
Event: 12.096 Thread 0x000001f816df1550 Unloading class 0x000001f7d619c800 'java/lang/invoke/LambdaForm$MH+0x000001f7d619c800'
Event: 12.096 Thread 0x000001f816df1550 Unloading class 0x000001f7d619c400 'java/lang/invoke/LambdaForm$MH+0x000001f7d619c400'
Event: 12.096 Thread 0x000001f816df1550 Unloading class 0x000001f7d619c000 'java/lang/invoke/LambdaForm$BMH+0x000001f7d619c000'
Event: 12.096 Thread 0x000001f816df1550 Unloading class 0x000001f7d619bc00 'java/lang/invoke/LambdaForm$DMH+0x000001f7d619bc00'
Event: 12.096 Thread 0x000001f816df1550 Unloading class 0x000001f7d619a800 'java/lang/invoke/LambdaForm$DMH+0x000001f7d619a800'

Classes redefined (0 events):
No events

Internal exceptions (20 events):
Event: 24.740 Thread 0x000001f81cb6ed40 Exception <a 'sun/nio/fs/WindowsException'{0x00000000d564d448}> (0x00000000d564d448) 
thrown [s\open\src\hotspot\share\prims\jni.cpp, line 518]
Event: 24.740 Thread 0x000001f81cb6ed40 Exception <a 'sun/nio/fs/WindowsException'{0x00000000d5650bc8}> (0x00000000d5650bc8) 
thrown [s\open\src\hotspot\share\prims\jni.cpp, line 518]
Event: 24.741 Thread 0x000001f81cb6ed40 Exception <a 'sun/nio/fs/WindowsException'{0x00000000d56540a8}> (0x00000000d56540a8) 
thrown [s\open\src\hotspot\share\prims\jni.cpp, line 518]
Event: 24.743 Thread 0x000001f81cb6ed40 Exception <a 'sun/nio/fs/WindowsException'{0x00000000d5657be0}> (0x00000000d5657be0) 
thrown [s\open\src\hotspot\share\prims\jni.cpp, line 518]
Event: 24.744 Thread 0x000001f81cb6ed40 Exception <a 'sun/nio/fs/WindowsException'{0x00000000d565bc70}> (0x00000000d565bc70) 
thrown [s\open\src\hotspot\share\prims\jni.cpp, line 518]
Event: 24.745 Thread 0x000001f81cb6ed40 Exception <a 'sun/nio/fs/WindowsException'{0x00000000d565f920}> (0x00000000d565f920) 
thrown [s\open\src\hotspot\share\prims\jni.cpp, line 518]
Event: 24.746 Thread 0x000001f81cb6ed40 Exception <a 'sun/nio/fs/WindowsException'{0x00000000d5663308}> (0x00000000d5663308) 
thrown [s\open\src\hotspot\share\prims\jni.cpp, line 518]
Event: 24.805 Thread 0x000001f81e298c30 Implicit null exception at 0x000001f7cb23c2ed to 0x000001f7cb23c6e8
Event: 24.805 Thread 0x000001f81e298c30 Exception <a 'sun/nio/fs/WindowsException'{0x00000000d57b6d40}> (0x00000000d57b6d40) 
thrown [s\open\src\hotspot\share\prims\jni.cpp, line 518]
Event: 24.805 Thread 0x000001f81e298c30 Exception <a 'sun/nio/fs/WindowsException'{0x00000000d57b75c8}> (0x00000000d57b75c8) 
thrown [s\open\src\hotspot\share\prims\jni.cpp, line 518]
Event: 24.809 Thread 0x000001f81e298c30 Exception <a 'sun/nio/fs/WindowsException'{0x00000000d57bfcc0}> (0x00000000d57bfcc0) 
thrown [s\open\src\hotspot\share\prims\jni.cpp, line 518]
Event: 24.809 Thread 0x000001f81e298c30 Exception <a 'sun/nio/fs/WindowsException'{0x00000000d57c02f0}> (0x00000000d57c02f0) 
thrown [s\open\src\hotspot\share\prims\jni.cpp, line 518]
Event: 24.858 Thread 0x000001f81e298c30 Exception <a 'sun/nio/fs/WindowsException'{0x00000000d593a910}> (0x00000000d593a910) 
thrown [s\open\src\hotspot\share\prims\jni.cpp, line 518]
Event: 24.858 Thread 0x000001f81e298c30 Exception <a 'sun/nio/fs/WindowsException'{0x00000000d593b1f0}> (0x00000000d593b1f0) 
thrown [s\open\src\hotspot\share\prims\jni.cpp, line 518]
Event: 25.047 Thread 0x000001f81e298c30 Exception <a 'java/lang/IncompatibleClassChangeError'{0x00000000d57bbfc0}: Found class java.lang.Object, but interface was expected> (0x00000000d57bbfc0) 
thrown [s\open\src\hotspot\share\interpreter\linkResolver.cpp, line 872]
Event: 25.367 Thread 0x000001f81e29c6b0 Exception <a 'java/lang/NoSuchMethodError'{0x00000000d60a4fc0}: 'java.lang.Object java.lang.invoke.DirectMethodHandle$Holder.invokeVirtual(java.lang.Object, java.lang.Object, java.lang.Object, java.lang.Object, java.lang.Object, java.lang.Object, java.lang.Object, java.lang.Object, java.lang.Object)'> (0x00000000d60a4fc0) 
thrown [s\open\src\hotspot\share\interpreter\linkResolver.cpp, line 805]
Event: 25.476 Thread 0x000001f81e29c6b0 Exception <a 'java/lang/NoSuchMethodError'{0x00000000d6552880}: 'long java.lang.invoke.DirectMethodHandle$Holder.invokeVirtual(java.lang.Object, java.lang.Object)'> (0x00000000d6552880) 
thrown [s\open\src\hotspot\share\interpreter\linkResolver.cpp, line 805]
Event: 25.477 Thread 0x000001f81e29c6b0 Exception <a 'java/lang/NoSuchMethodError'{0x00000000d655a8f8}: 'long java.lang.invoke.DelegatingMethodHandle$Holder.reinvoke_L(java.lang.Object, java.lang.Object)'> (0x00000000d655a8f8) 
thrown [s\open\src\hotspot\share\interpreter\linkResolver.cpp, line 805]
Event: 25.981 Thread 0x000001f81e29ce00 Exception <a 'java/lang/NoSuchMethodError'{0x00000000d6d9a3e0}: 'void java.lang.invoke.DirectMethodHandle$Holder.invokeStatic(java.lang.Object, long)'> (0x00000000d6d9a3e0) 
thrown [s\open\src\hotspot\share\interpreter\linkResolver.cpp, line 805]
Event: 32.198 Thread 0x000001f81e29c6b0 Exception <a 'java/lang/NoSuchMethodError'{0x00000000d6fdf388}: 'void java.lang.invoke.DirectMethodHandle$Holder.invokeInterface(java.lang.Object, java.lang.Object, java.lang.Object, java.lang.Object)'> (0x00000000d6fdf388) 
thrown [s\open\src\hotspot\share\interpreter\linkResolver.cpp, line 805]

VM Operations (20 events):
Event: 23.191 Executing VM operation: ParallelCollectForAllocation (Allocation Failure)
Event: 23.194 Executing VM operation: ParallelCollectForAllocation (Allocation Failure) done
Event: 23.389 Executing VM operation: HandshakeAllThreads (Deoptimize)
Event: 23.389 Executing VM operation: HandshakeAllThreads (Deoptimize) done
Event: 23.768 Executing VM operation: ParallelCollectForAllocation (Allocation Failure)
Event: 23.771 Executing VM operation: ParallelCollectForAllocation (Allocation Failure) done
Event: 24.693 Executing VM operation: ParallelCollectForAllocation (Allocation Failure)
Event: 24.696 Executing VM operation: ParallelCollectForAllocation (Allocation Failure) done
Event: 24.886 Executing VM operation: CollectForMetadataAllocation (Metadata GC Threshold)
Event: 24.946 Executing VM operation: CollectForMetadataAllocation (Metadata GC Threshold) done
Event: 24.977 Executing VM operation: HandshakeAllThreads (Deoptimize)
Event: 24.977 Executing VM operation: HandshakeAllThreads (Deoptimize) done
Event: 24.980 Executing VM operation: HandshakeAllThreads (Deoptimize)
Event: 24.980 Executing VM operation: HandshakeAllThreads (Deoptimize) done
Event: 25.131 Executing VM operation: HandshakeAllThreads (Deoptimize)
Event: 25.132 Executing VM operation: HandshakeAllThreads (Deoptimize) done
Event: 25.427 Executing VM operation: HandshakeAllThreads (Deoptimize)
Event: 25.427 Executing VM operation: HandshakeAllThreads (Deoptimize) done
Event: 32.930 Executing VM operation: ParallelCollectForAllocation (Allocation Failure)
Event: 32.933 Executing VM operation: ParallelCollectForAllocation (Allocation Failure) done

Memory protections (0 events):
No events

Nmethod flushes (20 events):
Event: 24.924 Thread 0x000001f816df1550 flushing  nmethod 0x000001f7c3c83e88
Event: 24.924 Thread 0x000001f816df1550 flushing  nmethod 0x000001f7c3c87008
Event: 24.924 Thread 0x000001f816df1550 flushing  nmethod 0x000001f7c3c8fa08
Event: 24.924 Thread 0x000001f816df1550 flushing  nmethod 0x000001f7c3c94888
Event: 24.924 Thread 0x000001f816df1550 flushing  nmethod 0x000001f7c3cb0c88
Event: 24.924 Thread 0x000001f816df1550 flushing  nmethod 0x000001f7c3cb2408
Event: 24.924 Thread 0x000001f816df1550 flushing  nmethod 0x000001f7c3cbdd08
Event: 24.924 Thread 0x000001f816df1550 flushing  nmethod 0x000001f7c3cbf088
Event: 24.924 Thread 0x000001f816df1550 flushing  nmethod 0x000001f7c3cc0488
Event: 24.924 Thread 0x000001f816df1550 flushing  nmethod 0x000001f7c3cc0b88
Event: 24.924 Thread 0x000001f816df1550 flushing  nmethod 0x000001f7c3cc0e88
Event: 24.924 Thread 0x000001f816df1550 flushing  nmethod 0x000001f7c3cc1208
Event: 24.924 Thread 0x000001f816df1550 flushing  nmethod 0x000001f7c3cc1a08
Event: 24.924 Thread 0x000001f816df1550 flushing  nmethod 0x000001f7c3cc1d08
Event: 24.924 Thread 0x000001f816df1550 flushing  nmethod 0x000001f7c3cc2008
Event: 24.924 Thread 0x000001f816df1550 flushing  nmethod 0x000001f7c3cc7b88
Event: 24.924 Thread 0x000001f816df1550 flushing  nmethod 0x000001f7c3cc7f08
Event: 24.924 Thread 0x000001f816df1550 flushing  nmethod 0x000001f7c3cc8308
Event: 24.924 Thread 0x000001f816df1550 flushing  nmethod 0x000001f7c3ce0c88
Event: 24.924 Thread 0x000001f816df1550 flushing  nmethod 0x000001f7c3ce4408

Events (20 events):
Event: 20.836 Thread 0x000001f81cb6ed40 Thread added: 0x000001f81e29ce00
Event: 22.824 Thread 0x000001f81f8e93d0 Thread exited: 0x000001f81f8e93d0
Event: 23.087 Thread 0x000001f816e5d6e0 Thread added: 0x000001f81f8e93d0
Event: 23.288 Thread 0x000001f81f8e93d0 Thread exited: 0x000001f81f8e93d0
Event: 23.404 Thread 0x000001f816e5d6e0 Thread added: 0x000001f81ece3fa0
Event: 23.919 Thread 0x000001f81e29ce00 Thread exited: 0x000001f81e29ce00
Event: 24.604 Thread 0x000001f81ece3fa0 Thread exited: 0x000001f81ece3fa0
Event: 24.753 Thread 0x000001f81e299380 Thread exited: 0x000001f81e299380
Event: 25.053 Thread 0x000001f81e298c30 Thread added: 0x000001f81e29a220
Event: 25.065 Thread 0x000001f81e29a220 Thread added: 0x000001f81e299380
Event: 25.069 Thread 0x000001f81e299380 Thread added: 0x000001f81e29d550
Event: 25.105 Thread 0x000001f81e1fd820 Thread added: 0x000001f81e29c6b0
Event: 25.919 Thread 0x000001f81e29c6b0 Thread added: 0x000001f81e29ce00
Event: 25.988 Thread 0x000001f81e29ce00 Thread added: 0x000001f81e29dca0
Event: 25.998 Thread 0x000001f81e29ce00 Thread added: 0x000001f81e29a970
Event: 26.006 Thread 0x000001f81e29dca0 Thread exited: 0x000001f81e29dca0
Event: 31.238 Thread 0x000001f81e2984e0 Thread exited: 0x000001f81e2984e0
Event: 32.132 Thread 0x000001f81e29ce00 Thread exited: 0x000001f81e29ce00
Event: 32.132 Thread 0x000001f81e29a970 Thread exited: 0x000001f81e29a970
Event: 32.881 Thread 0x000001f7bace6fb0 Thread added: 0x000001f81e19d4b0


Dynamic libraries:
0x00007ff7265d0000 - 0x00007ff7265e0000 	C:\Program Files\Java\jdk-24\bin\java.exe
0x00007ff843480000 - 0x00007ff8436e6000 	C:\WINDOWS\SYSTEM32\ntdll.dll
0x00007ff841890000 - 0x00007ff841959000 	C:\WINDOWS\System32\KERNEL32.DLL
0x00007ff840b70000 - 0x00007ff840f6e000 	C:\WINDOWS\System32\KERNELBASE.dll
0x00007ff8407d0000 - 0x00007ff84091c000 	C:\WINDOWS\System32\ucrtbase.dll
0x00007ff82cc30000 - 0x00007ff82cc46000 	C:\Program Files\Java\jdk-24\bin\jli.dll
0x00007ff843150000 - 0x00007ff843317000 	C:\WINDOWS\System32\USER32.dll
0x00007ff8410f0000 - 0x00007ff841117000 	C:\WINDOWS\System32\win32u.dll
0x00007ff842910000 - 0x00007ff84293b000 	C:\WINDOWS\System32\GDI32.dll
0x00007ff8406a0000 - 0x00007ff8407ca000 	C:\WINDOWS\System32\gdi32full.dll
0x00007ff840f80000 - 0x00007ff841023000 	C:\WINDOWS\System32\msvcp_win.dll
0x00007ff82cc10000 - 0x00007ff82cc2b000 	C:\Program Files\Java\jdk-24\bin\VCRUNTIME140.dll
0x00007ff81c720000 - 0x00007ff81c9b2000 	C:\WINDOWS\WinSxS\amd64_microsoft.windows.common-controls_6595b64144ccf1df_6.0.26100.8875_none_3e0d5d42e32fe9dd\COMCTL32.dll
0x00007ff8411b0000 - 0x00007ff841259000 	C:\WINDOWS\System32\msvcrt.dll
0x00007ff842940000 - 0x00007ff842972000 	C:\WINDOWS\System32\IMM32.DLL
0x00007ff82cc00000 - 0x00007ff82cc0c000 	C:\Program Files\Java\jdk-24\bin\vcruntime140_1.dll
0x00007ff82caf0000 - 0x00007ff82cb7e000 	C:\Program Files\Java\jdk-24\bin\msvcp140.dll
0x00007ff80c790000 - 0x00007ff80d532000 	C:\Program Files\Java\jdk-24\bin\server\jvm.dll
0x00007ff8413e0000 - 0x00007ff841497000 	C:\WINDOWS\System32\ADVAPI32.dll
0x00007ff841e00000 - 0x00007ff841eaa000 	C:\WINDOWS\System32\sechost.dll
0x00007ff8412c0000 - 0x00007ff8413d8000 	C:\WINDOWS\System32\RPCRT4.dll
0x00007ff8433b0000 - 0x00007ff843430000 	C:\WINDOWS\System32\WS2_32.dll
0x00007ff840520000 - 0x00007ff84057e000 	C:\WINDOWS\SYSTEM32\POWRPROF.dll
0x00007ff838480000 - 0x00007ff8384b6000 	C:\WINDOWS\SYSTEM32\WINMM.dll
0x00007ff827ca0000 - 0x00007ff827cab000 	C:\WINDOWS\SYSTEM32\VERSION.dll
0x00007ff840500000 - 0x00007ff840514000 	C:\WINDOWS\SYSTEM32\UMPDC.dll
0x00007ff83f340000 - 0x00007ff83f35b000 	C:\WINDOWS\SYSTEM32\kernel.appcore.dll
0x00007ff82cbf0000 - 0x00007ff82cbfa000 	C:\Program Files\Java\jdk-24\bin\jimage.dll
0x00007ff83dbe0000 - 0x00007ff83de22000 	C:\WINDOWS\SYSTEM32\DBGHELP.DLL
0x00007ff842980000 - 0x00007ff842d03000 	C:\WINDOWS\System32\combase.dll
0x00007ff8427e0000 - 0x00007ff8428b9000 	C:\WINDOWS\System32\OLEAUT32.dll
0x00007ff8182c0000 - 0x00007ff8182fb000 	C:\WINDOWS\SYSTEM32\dbgcore.DLL
0x00007ff841030000 - 0x00007ff8410dc000 	C:\WINDOWS\System32\bcryptPrimitives.dll
0x00007ff838640000 - 0x00007ff83864f000 	C:\Program Files\Java\jdk-24\bin\instrument.dll
0x00007ff82cab0000 - 0x00007ff82cace000 	C:\Program Files\Java\jdk-24\bin\java.dll
0x00007ff8416a0000 - 0x00007ff841839000 	C:\WINDOWS\System32\ole32.dll
0x00007ff841f40000 - 0x00007ff8426d2000 	C:\WINDOWS\System32\SHELL32.dll
0x00007ff83e100000 - 0x00007ff83e992000 	C:\WINDOWS\SYSTEM32\windows.storage.dll
0x00007ff8426e0000 - 0x00007ff8427d7000 	C:\WINDOWS\System32\SHCORE.dll
0x00007ff843340000 - 0x00007ff8433a7000 	C:\WINDOWS\System32\shlwapi.dll
0x00007ff8405c0000 - 0x00007ff8405e9000 	C:\WINDOWS\SYSTEM32\profapi.dll
0x00007ff82c770000 - 0x00007ff82c847000 	C:\Program Files\Java\jdk-24\bin\jsvml.dll
0x00007ff82c720000 - 0x00007ff82c737000 	C:\Program Files\Java\jdk-24\bin\zip.dll
0x00007ff82c760000 - 0x00007ff82c770000 	C:\Program Files\Java\jdk-24\bin\net.dll
0x00007ff83f8d0000 - 0x00007ff83f93c000 	C:\WINDOWS\system32\mswsock.dll
0x00007ff82c740000 - 0x00007ff82c756000 	C:\Program Files\Java\jdk-24\bin\nio.dll
0x00007ff82c6f0000 - 0x00007ff82c700000 	C:\Program Files\Java\jdk-24\bin\verify.dll
0x00007ff8158d0000 - 0x00007ff815915000 	C:\Users\PC\AppData\Roaming\Antigravity IDE\User\globalStorage\redhat.java\1.56.0\config_win\org.eclipse.equinox.launcher\org.eclipse.equinox.launcher.win32.win32.x86_64_1.3.100.v20260804-1928\eclipse_11924.dll
0x00007ff83fd00000 - 0x00007ff83fd1b000 	C:\WINDOWS\SYSTEM32\CRYPTSP.dll
0x00007ff83f2a0000 - 0x00007ff83f2d9000 	C:\WINDOWS\system32\rsaenh.dll
0x00007ff83f990000 - 0x00007ff83f9c2000 	C:\WINDOWS\SYSTEM32\USERENV.dll
0x00007ff840590000 - 0x00007ff8405ba000 	C:\WINDOWS\SYSTEM32\bcrypt.dll
0x00007ff83fb40000 - 0x00007ff83fb4c000 	C:\WINDOWS\SYSTEM32\CRYPTBASE.dll
0x00007ff83ecf0000 - 0x00007ff83ed23000 	C:\WINDOWS\SYSTEM32\IPHLPAPI.DLL
0x00007ff842da0000 - 0x00007ff842daa000 	C:\WINDOWS\System32\NSI.dll
0x00007ff822f50000 - 0x00007ff822f99000 	C:\Users\PC\AppData\Local\Temp\jna-2547\jna4244276934796105102.dll
0x00007ff841df0000 - 0x00007ff841df8000 	C:\WINDOWS\System32\PSAPI.DLL
0x00007ff836990000 - 0x00007ff836ab7000 	C:\WINDOWS\SYSTEM32\winhttp.dll
0x00007ff837010000 - 0x00007ff83702d000 	C:\WINDOWS\SYSTEM32\dhcpcsvc6.DLL
0x00007ff836fe0000 - 0x00007ff837005000 	C:\WINDOWS\SYSTEM32\dhcpcsvc.DLL
0x00007ff8367b0000 - 0x00007ff8367be000 	C:\Program Files\Java\jdk-24\bin\sunmscapi.dll
0x00007ff840930000 - 0x00007ff840aa8000 	C:\WINDOWS\System32\CRYPT32.dll
0x00007ff83fe70000 - 0x00007ff83fea0000 	C:\WINDOWS\SYSTEM32\ncrypt.dll
0x00007ff83fe20000 - 0x00007ff83fe5f000 	C:\WINDOWS\SYSTEM32\NTASN1.dll
0x00007ff83ed80000 - 0x00007ff83eed6000 	C:\WINDOWS\SYSTEM32\DNSAPI.dll
0x00007ff83f6f0000 - 0x00007ff83f6fd000 	C:\WINDOWS\SYSTEM32\DSPARSE.dll
0x00007ff834130000 - 0x00007ff83413b000 	C:\Windows\System32\rasadhlp.dll
0x00007ff837220000 - 0x00007ff8372a6000 	C:\WINDOWS\System32\fwpuclnt.dll
0x00007ff812830000 - 0x00007ff812839000 	C:\Program Files\Java\jdk-24\bin\extnet.dll
0x00007ff81d9e0000 - 0x00007ff81da07000 	C:\Users\PC\.gradle\native\1def1411415f61bf3af743bc5b6707747c0891f09f0c88961ee8f79bc544acac\windows-amd64\native-platform.dll
0x00007ff836b80000 - 0x00007ff836b8a000 	C:\Program Files\Java\jdk-24\bin\management.dll
0x00007ff836800000 - 0x00007ff83680b000 	C:\Program Files\Java\jdk-24\bin\management_ext.dll
0x00007ff80de90000 - 0x00007ff80de98000 	C:\WINDOWS\system32\wshunix.dll

dbghelp: loaded successfully - version: 4.0.5 - missing functions: none
symbol engine: initialized successfully - sym options: 0x614 - pdb path: .;C:\Program Files\Java\jdk-24\bin;C:\WINDOWS\SYSTEM32;C:\WINDOWS\WinSxS\amd64_microsoft.windows.common-controls_6595b64144ccf1df_6.0.26100.8875_none_3e0d5d42e32fe9dd;C:\Program Files\Java\jdk-24\bin\server;C:\Users\PC\AppData\Roaming\Antigravity IDE\User\globalStorage\redhat.java\1.56.0\config_win\org.eclipse.equinox.launcher\org.eclipse.equinox.launcher.win32.win32.x86_64_1.3.100.v20260804-1928;C:\Users\PC\AppData\Local\Temp\jna-2547;C:\Users\PC\.gradle\native\1def1411415f61bf3af743bc5b6707747c0891f09f0c88961ee8f79bc544acac\windows-amd64

VM Arguments:
jvm_args: -Djdk.xml.maxGeneralEntitySizeLimit=0 -Djdk.xml.totalEntitySizeLimit=0 --add-modules=ALL-SYSTEM --add-opens=java.base/java.util=ALL-UNNAMED --add-opens=java.base/java.lang=ALL-UNNAMED --add-opens=java.base/sun.nio.fs=ALL-UNNAMED -Declipse.application=org.eclipse.jdt.ls.core.id1 -Dosgi.bundles.defaultStartLevel=4 -Declipse.product=org.eclipse.jdt.ls.core.product -Djava.import.generatesMetadataFilesAtProjectRoot=false -Dm2e.project.cache.size=50 -DDetectVMInstallationsJob.disabled=true -Dfile.encoding=utf8 -XX:+UseParallelGC -XX:GCTimeRatio=4 -XX:AdaptiveSizePolicyWeight=90 -Dsun.zip.disableMemoryMapping=true -Xmx2G -Xms100m -Xlog:disable -javaagent:c:\Users\PC\.antigravity-ide\extensions\redhat.java-1.56.0-universal\lombok\lombok-1.18.39-4050.jar -XX:+HeapDumpOnOutOfMemoryError -XX:HeapDumpPath=c:\Users\PC\AppData\Roaming\Antigravity IDE\User\workspaceStorage\863fdc3948bc1a871a88ad357ecb6fce\redhat.java -Daether.dependencyCollector.impl=bf 
java_command: c:\Users\PC\.antigravity-ide\extensions\redhat.java-1.56.0-universal\server\plugins\org.eclipse.equinox.launcher_1.8.0.v20260804-1928.jar -configuration c:\Users\PC\AppData\Roaming\Antigravity IDE\User\globalStorage\redhat.java\1.56.0\config_win -data c:\Users\PC\AppData\Roaming\Antigravity IDE\User\workspaceStorage\863fdc3948bc1a871a88ad357ecb6fce\redhat.java\jdt_ws --pipe=\\.\pipe\lsp-5b0d3489657987710ce55793918b8bf9-sock
java_class_path (initial): c:\Users\PC\.antigravity-ide\extensions\redhat.java-1.56.0-universal\server\plugins\org.eclipse.equinox.launcher_1.8.0.v20260804-1928.jar
Launcher Type: SUN_STANDARD

[Global flags]
     uint AdaptiveSizePolicyWeight                 = 90                                        {product} {command line}
     intx CICompilerCount                          = 4                                         {product} {ergonomic}
     uint GCTimeRatio                              = 4                                         {product} {command line}
     bool HeapDumpOnOutOfMemoryError               = true                                   {manageable} {command line}
    ccstr HeapDumpPath                             = c:\Users\PC\AppData\Roaming\Antigravity IDE\User\workspaceStorage\863fdc3948bc1a871a88ad357ecb6fce\redhat.java         {manageable} {command line}
   size_t InitialHeapSize                          = 104857600                                 {product} {command line}
   size_t MaxHeapSize                              = 2147483648                                {product} {command line}
   size_t MaxNewSize                               = 715653120                                 {product} {ergonomic}
   size_t MinHeapDeltaBytes                        = 524288                                    {product} {ergonomic}
   size_t MinHeapSize                              = 104857600                                 {product} {command line}
   size_t NewSize                                  = 34603008                                  {product} {ergonomic}
    uintx NonNMethodCodeHeapSize                   = 5832704                                {pd product} {ergonomic}
    uintx NonProfiledCodeHeapSize                  = 122945536                              {pd product} {ergonomic}
    uintx ProfiledCodeHeapSize                     = 122880000                              {pd product} {ergonomic}
    uintx ReservedCodeCacheSize                    = 251658240                              {pd product} {ergonomic}
     bool SegmentedCodeCache                       = true                                      {product} {ergonomic}
   size_t SoftMaxHeapSize                          = 2147483648                             {manageable} {ergonomic}
     bool UseCompressedOops                        = true                           {product lp64_product} {ergonomic}
     bool UseLargePagesIndividualAllocation        = false                                  {pd product} {ergonomic}
     bool UseParallelGC                            = true                                      {product} {command line}

Logging:
Log output configuration:
 #0: stdout all=off uptime,level,tags foldmultilines=false
 #1: stderr all=off uptime,level,tags foldmultilines=false

Environment Variables:
JAVA_HOME=C:\Program Files\Java\jdk-24
PATH=C:\Program Files\Microsoft SDKs\Azure\CLI2\wbin;C:\Python314\Scripts\;C:\Python314\;C:\Program Files\Python313\Scripts\;C:\Program Files\Python313\;C:\Program Files (x86)\Common Files\Intel\Shared Libraries\redist\intel64\compiler;C:\Program Files\Common Files\Oracle\Java\javapath;C:\WINDOWS\system32;C:\WINDOWS;C:\WINDOWS\System32\Wbem;C:\WINDOWS\System32\WindowsPowerShell\v1.0\;C:\WINDOWS\System32\OpenSSH\;C:\Program Files\Java\jdk-23\bin;C:\Program Files\dotnet\;C:\Program Files\Microsoft SQL Server\150\Tools\Binn\;C:\Program Files\Microsoft SQL Server\Client SDK\ODBC\170\Tools\Binn\;C:\Program Files\Python313;C:\Program Files\Python313\Scripts;C:\Program Files\Git\cmd;C:\Program Files\Cloudflare\Cloudflare WARP\;C:\Program Files (x86)\Microsoft SQL Server\150\DTS\Binn\;C:\Program Files\Microsoft SQL Server\160\Tools\Binn\;C:\Program Files (x86)\Microsoft SQL Server\160\Tools\Binn\;C:\Program Files\Microsoft SQL Server\160\DTS\Binn\;C:\Program Files\nodejs\;C:\ProgramData\chocolatey\bin;C:\Program Files\GitHub CLI\;C:\Program Files\Go\bin;C:\Users\PC\AppData\Local\Programs\Python\Python310\Scripts\;C:\Users\PC\AppData\Local\Programs\Python\Python310\;C:\Users\PC\AppData\Local\Programs\Python\Python313\Scripts\;C:\Users\PC\AppData\Local\Programs\Python\Python313\;C:\Users\PC\AppData\Local\Programs\Python\Launcher\;C:\Users\PC\AppData\Local\Microsoft\WindowsApps;C:\Users\PC\.dotnet\tools;C:\Users\PC\AppData\Roaming\Python\Python313\Scripts;C:\Users\PC\AppData\Local\Programs\Microsoft VS Code\bin;C:\Program Files\Java\jdk-24\bin;C:\Users\PC\AppData\Local\GitHubDesktop\bin;C:\Users\PC\AppData\Roaming\npm;C:\Users\PC\AppData\Local\Programs\Antigravity\bin;C:\Users\PC\AppData\Local\Programs\Antigravity IDE\bin;E:\Softwares\flutter\bin;C:\Users\PC\go\bin
USERNAME=PC
OS=Windows_NT
PROCESSOR_IDENTIFIER=Intel64 Family 6 Model 186 Stepping 3, GenuineIntel
TMP=C:\Users\PC\AppData\Local\Temp
TEMP=C:\Users\PC\AppData\Local\Temp




Periodic native trim disabled

---------------  S Y S T E M  ---------------

OS:
 Windows 11 , 64 bit Build 26100 (10.0.26100.8875)
OS uptime: 9 days 21:26 hours
Hyper-V role detected

CPU: total 12 (initial active 12) (6 cores per cpu, 2 threads per core) family 6 model 186 stepping 3 microcode 0x4121, cx8, cmov, fxsr, ht, mmx, 3dnowpref, sse, sse2, sse3, ssse3, sse4.1, sse4.2, popcnt, lzcnt, tsc, tscinvbit, avx, avx2, aes, erms, clmul, bmi1, bmi2, adx, sha, fma, vzeroupper, clflush, clflushopt, clwb, hv, serialize, rdtscp, rdpid, fsrm, gfni, f16c, cet_ibt, cet_ss
Processor Information for processor 0
  Max Mhz: 1300, Current Mhz: 1300, Mhz Limit: 1300
Processor Information for processor 1
  Max Mhz: 1300, Current Mhz: 1300, Mhz Limit: 1300
Processor Information for processor 2
  Max Mhz: 1300, Current Mhz: 1300, Mhz Limit: 1300
Processor Information for processor 3
  Max Mhz: 1300, Current Mhz: 1300, Mhz Limit: 1300
Processor Information for processor 4
  Max Mhz: 1300, Current Mhz: 900, Mhz Limit: 897
Processor Information for processor 5
  Max Mhz: 1300, Current Mhz: 900, Mhz Limit: 897
Processor Information for processor 6
  Max Mhz: 1300, Current Mhz: 900, Mhz Limit: 897
Processor Information for processor 7
  Max Mhz: 1300, Current Mhz: 900, Mhz Limit: 897
Processor Information for processor 8
  Max Mhz: 1300, Current Mhz: 900, Mhz Limit: 897
Processor Information for processor 9
  Max Mhz: 1300, Current Mhz: 900, Mhz Limit: 897
Processor Information for processor 10
  Max Mhz: 1300, Current Mhz: 900, Mhz Limit: 897
Processor Information for processor 11
  Max Mhz: 1300, Current Mhz: 900, Mhz Limit: 897

Memory: 4k page, system-wide physical 7835M (333M free)
TotalPageFile size 20123M (AvailPageFile size 75M)
current process WorkingSet (physical memory assigned to process): 216M, peak: 240M
current process commit charge ("private bytes"): 339M, peak: 347M

vm_info: Java HotSpot(TM) 64-Bit Server VM (24+36-3646) for windows-amd64 JRE (24+36-3646), built on 2025-02-06T00:20:43Z with MS VC++ 17.6 (VS2022)

END.
